
  .   ____          _            __ _ _
 /\\ / ___'_ __ _ _(_)_ __  __ _ \ \ \ \
( ( )\___ | '_ | '_| | '_ \/ _` | \ \ \ \
 \\/  ___)| |_)| | | | | || (_| |  ) ) ) )
  '  |____| .__|_| |_|_| |_\__, | / / / /
 =========|_|==============|___/=/_/_/_/
 :: Spring Boot ::                (v3.2.5)

2026-07-01T11:30:14.908+08:00  INFO 25944 --- [           main] com.english.EnglishLearningApplication   : Starting EnglishLearningApplication v1.0.0 using Java 17.0.12 with PID 25944 (F:\idea_project\english_learning\english-learning\backend\target\english-learning-1.0.0.jar started by Administrator in F:\idea_project\english_learning\english-learning\backend)
2026-07-01T11:30:14.921+08:00  INFO 25944 --- [           main] com.english.EnglishLearningApplication   : No active profile set, falling back to 1 default profile: "default"
2026-07-01T11:30:16.132+08:00  INFO 25944 --- [           main] .s.d.r.c.RepositoryConfigurationDelegate : Multiple Spring Data modules found, entering strict repository configuration mode
2026-07-01T11:30:16.136+08:00  INFO 25944 --- [           main] .s.d.r.c.RepositoryConfigurationDelegate : Bootstrapping Spring Data JPA repositories in DEFAULT mode.
2026-07-01T11:30:16.397+08:00  INFO 25944 --- [           main] .s.d.r.c.RepositoryConfigurationDelegate : Finished Spring Data repository scanning in 250 ms. Found 11 JPA repository interfaces.
2026-07-01T11:30:16.426+08:00  INFO 25944 --- [           main] .s.d.r.c.RepositoryConfigurationDelegate : Multiple Spring Data modules found, entering strict repository configuration mode
2026-07-01T11:30:16.428+08:00  INFO 25944 --- [           main] .s.d.r.c.RepositoryConfigurationDelegate : Bootstrapping Spring Data Redis repositories in DEFAULT mode.
2026-07-01T11:30:16.447+08:00  INFO 25944 --- [           main] .RepositoryConfigurationExtensionSupport : Spring Data Redis - Could not safely identify store assignment for repository candidate interface com.english.mapper.ExamModuleMapper; If you want this repository to be a Redis repository, consider annotating your entities with one of these annotations: org.springframework.data.redis.core.RedisHash (preferred), or consider extending one of the following types with your repository: org.springframework.data.keyvalue.repository.KeyValueRepository
2026-07-01T11:30:16.454+08:00  INFO 25944 --- [           main] .RepositoryConfigurationExtensionSupport : Spring Data Redis - Could not safely identify store assignment for repository candidate interface com.english.mapper.ListeningMapper; If you want this repository to be a Redis repository, consider annotating your entities with one of these annotations: org.springframework.data.redis.core.RedisHash (preferred), or consider extending one of the following types with your repository: org.springframework.data.keyvalue.repository.KeyValueRepository
2026-07-01T11:30:16.455+08:00  INFO 25944 --- [           main] .RepositoryConfigurationExtensionSupport : Spring Data Redis - Could not safely identify store assignment for repository candidate interface com.english.mapper.ReadingMapper; If you want this repository to be a Redis repository, consider annotating your entities with one of these annotations: org.springframework.data.redis.core.RedisHash (preferred), or consider extending one of the following types with your repository: org.springframework.data.keyvalue.repository.KeyValueRepository
2026-07-01T11:30:16.456+08:00  INFO 25944 --- [           main] .RepositoryConfigurationExtensionSupport : Spring Data Redis - Could not safely identify store assignment for repository candidate interface com.english.mapper.ShopOrderMapper; If you want this repository to be a Redis repository, consider annotating your entities with one of these annotations: org.springframework.data.redis.core.RedisHash (preferred), or consider extending one of the following types with your repository: org.springframework.data.keyvalue.repository.KeyValueRepository
2026-07-01T11:30:16.457+08:00  INFO 25944 --- [           main] .RepositoryConfigurationExtensionSupport : Spring Data Redis - Could not safely identify store assignment for repository candidate interface com.english.mapper.ShopProductMapper; If you want this repository to be a Redis repository, consider annotating your entities with one of these annotations: org.springframework.data.redis.core.RedisHash (preferred), or consider extending one of the following types with your repository: org.springframework.data.keyvalue.repository.KeyValueRepository
2026-07-01T11:30:16.459+08:00  INFO 25944 --- [           main] .RepositoryConfigurationExtensionSupport : Spring Data Redis - Could not safely identify store assignment for repository candidate interface com.english.mapper.UserDailyWordAssignmentMapper; If you want this repository to be a Redis repository, consider annotating your entities with one of these annotations: org.springframework.data.redis.core.RedisHash (preferred), or consider extending one of the following types with your repository: org.springframework.data.keyvalue.repository.KeyValueRepository
2026-07-01T11:30:16.459+08:00  INFO 25944 --- [           main] .RepositoryConfigurationExtensionSupport : Spring Data Redis - Could not safely identify store assignment for repository candidate interface com.english.mapper.UserFavoriteMapper; If you want this repository to be a Redis repository, consider annotating your entities with one of these annotations: org.springframework.data.redis.core.RedisHash (preferred), or consider extending one of the following types with your repository: org.springframework.data.keyvalue.repository.KeyValueRepository
2026-07-01T11:30:16.460+08:00  INFO 25944 --- [           main] .RepositoryConfigurationExtensionSupport : Spring Data Redis - Could not safely identify store assignment for repository candidate interface com.english.mapper.UserMapper; If you want this repository to be a Redis repository, consider annotating your entities with one of these annotations: org.springframework.data.redis.core.RedisHash (preferred), or consider extending one of the following types with your repository: org.springframework.data.keyvalue.repository.KeyValueRepository
2026-07-01T11:30:16.461+08:00  INFO 25944 --- [           main] .RepositoryConfigurationExtensionSupport : Spring Data Redis - Could not safely identify store assignment for repository candidate interface com.english.mapper.UserWordProgressMapper; If you want this repository to be a Redis repository, consider annotating your entities with one of these annotations: org.springframework.data.redis.core.RedisHash (preferred), or consider extending one of the following types with your repository: org.springframework.data.keyvalue.repository.KeyValueRepository
2026-07-01T11:30:16.461+08:00  INFO 25944 --- [           main] .RepositoryConfigurationExtensionSupport : Spring Data Redis - Could not safely identify store assignment for repository candidate interface com.english.mapper.WordMapper; If you want this repository to be a Redis repository, consider annotating your entities with one of these annotations: org.springframework.data.redis.core.RedisHash (preferred), or consider extending one of the following types with your repository: org.springframework.data.keyvalue.repository.KeyValueRepository
2026-07-01T11:30:16.462+08:00  INFO 25944 --- [           main] .RepositoryConfigurationExtensionSupport : Spring Data Redis - Could not safely identify store assignment for repository candidate interface com.english.mapper.WrongRecordMapper; If you want this repository to be a Redis repository, consider annotating your entities with one of these annotations: org.springframework.data.redis.core.RedisHash (preferred), or consider extending one of the following types with your repository: org.springframework.data.keyvalue.repository.KeyValueRepository
2026-07-01T11:30:16.463+08:00  INFO 25944 --- [           main] .s.d.r.c.RepositoryConfigurationDelegate : Finished Spring Data repository scanning in 21 ms. Found 0 Redis repository interfaces.
2026-07-01T11:30:17.369+08:00  INFO 25944 --- [           main] o.s.b.w.embedded.tomcat.TomcatWebServer  : Tomcat initialized with port 8082 (http)
2026-07-01T11:30:17.391+08:00  INFO 25944 --- [           main] o.apache.catalina.core.StandardService   : Starting service [Tomcat]
2026-07-01T11:30:17.409+08:00  INFO 25944 --- [           main] o.apache.catalina.core.StandardEngine    : Starting Servlet engine: [Apache Tomcat/10.1.20]
2026-07-01T11:30:17.480+08:00  INFO 25944 --- [           main] o.a.c.c.C.[Tomcat].[localhost].[/]       : Initializing Spring embedded WebApplicationContext
2026-07-01T11:30:17.482+08:00  INFO 25944 --- [           main] w.s.c.ServletWebServerApplicationContext : Root WebApplicationContext: initialization completed in 2436 ms
2026-07-01T11:30:17.827+08:00  INFO 25944 --- [           main] o.hibernate.jpa.internal.util.LogHelper  : HHH000204: Processing PersistenceUnitInfo [name: default]
2026-07-01T11:30:17.928+08:00  INFO 25944 --- [           main] org.hibernate.Version                    : HHH000412: Hibernate ORM core version 6.4.4.Final
2026-07-01T11:30:17.979+08:00  INFO 25944 --- [           main] o.h.c.internal.RegionFactoryInitiator    : HHH000026: Second-level cache disabled
2026-07-01T11:30:18.346+08:00  INFO 25944 --- [           main] o.s.o.j.p.SpringPersistenceUnitInfo      : No LoadTimeWeaver setup: ignoring JPA class transformer
2026-07-01T11:30:18.383+08:00  INFO 25944 --- [           main] com.zaxxer.hikari.HikariDataSource       : HikariPool-1 - Starting...
2026-07-01T11:30:18.617+08:00  INFO 25944 --- [           main] com.zaxxer.hikari.pool.HikariPool        : HikariPool-1 - Added connection com.mysql.cj.jdbc.ConnectionImpl@399f5daf
2026-07-01T11:30:18.623+08:00  INFO 25944 --- [           main] com.zaxxer.hikari.HikariDataSource       : HikariPool-1 - Start completed.
2026-07-01T11:30:18.689+08:00  WARN 25944 --- [           main] org.hibernate.orm.deprecation            : HHH90000025: MySQLDialect does not need to be specified explicitly using 'hibernate.dialect' (remove the property setting and it will be selected by default)
2026-07-01T11:30:20.092+08:00  INFO 25944 --- [           main] o.h.e.t.j.p.i.JtaPlatformInitiator       : HHH000489: No JTA platform available (set 'hibernate.transaction.jta.platform' to enable JTA platform integration)
2026-07-01T11:30:20.222+08:00  INFO 25944 --- [           main] j.LocalContainerEntityManagerFactoryBean : Initialized JPA EntityManagerFactory for persistence unit 'default'
2026-07-01T11:30:20.670+08:00  INFO 25944 --- [           main] o.s.d.j.r.query.QueryEnhancerFactory     : Hibernate is in classpath; If applicable, HQL parser will be used.
2026-07-01T11:30:22.351+08:00  WARN 25944 --- [           main] JpaBaseConfiguration$JpaWebConfiguration : spring.jpa.open-in-view is enabled by default. Therefore, database queries may be performed during view rendering. Explicitly configure spring.jpa.open-in-view to disable this warning
2026-07-01T11:30:23.197+08:00  INFO 25944 --- [           main] o.s.b.w.embedded.tomcat.TomcatWebServer  : Tomcat started on port 8082 (http) with context path ''
2026-07-01T11:30:23.203+08:00  INFO 25944 --- [           main] o.s.a.r.c.CachingConnectionFactory       : Attempting to connect to: [localhost:5672]
2026-07-01T11:30:23.312+08:00  INFO 25944 --- [           main] o.s.a.r.c.CachingConnectionFactory       : Created new connection: rabbitConnectionFactory#68c1d547:0/SimpleConnection@1dc26de5 [delegate=amqp://guest@127.0.0.1:5672/, localPort=5071]
2026-07-01T11:30:23.406+08:00  INFO 25944 --- [           main] com.english.EnglishLearningApplication   : Started EnglishLearningApplication in 9.387 seconds (process running for 10.06)
2026-07-01T11:30:23.921+08:00  INFO 25944 --- [           main] c.english.config.ReadingDataInitializer  : 阅读理解题库初始化完成：moduleCode=toefl，新增文章=20，每篇题数=5，新增题目=100
2026-07-01T11:30:24.005+08:00  INFO 25944 --- [           main] c.english.config.ReadingDataInitializer  : 阅读理解题库初始化完成：moduleCode=cet6，新增文章=20，每篇题数=5，新增题目=100
2026-07-01T11:30:24.094+08:00  INFO 25944 --- [           main] c.english.config.ReadingDataInitializer  : 阅读理解题库初始化完成：moduleCode=cet4，新增文章=20，每篇题数=5，新增题目=100
2026-07-01T11:30:24.180+08:00  INFO 25944 --- [           main] c.english.config.ReadingDataInitializer  : 阅读理解题库初始化完成：moduleCode=ielts，新增文章=20，每篇题数=5，新增题目=100
2026-07-01T11:30:24.256+08:00  INFO 25944 --- [           main] c.english.config.ReadingDataInitializer  : 阅读理解题库初始化完成：moduleCode=kaoyan，新增文章=20，每篇题数=5，新增题目=100
2026-07-01T11:30:24.325+08:00  INFO 25944 --- [           main] c.english.config.ReadingDataInitializer  : 阅读理解题库初始化完成：moduleCode=gre，新增文章=20，每篇题数=5，新增题目=100
